✅ ToDoアプリ起動中: http://localhost:3001 
SyntaxError: Expected property name or '}' in JSON at position 1 (line 1 column 2)
    at JSON.parse (<anonymous>)
    at parse (C:\Users\yajik\projects\todo-app\node_modules\body-parser\lib\types\json.js:92:19)
    at C:\Users\yajik\projects\todo-app\node_modules\body-parser\lib\read.js:128:18
    at AsyncResource.runInAsyncScope (node:async_hooks:227:14)
    at invokeCallback (C:\Users\yajik\projects\todo-app\node_modules\raw-body\index.js:238:16)
    at done (C:\Users\yajik\projects\todo-app\node_modules\raw-body\index.js:227:7)
    at IncomingMessage.onEnd (C:\Users\yajik\projects\todo-app\node_modules\raw-body\index.js:287:7)
    at IncomingMessage.emit (node:events:509:28)
    at IncomingMessage.emit (node:domain:489:12)
    at endReadableNT (node:internal/streams/readable:1735:12)
SyntaxError: Expected property name or '}' in JSON at position 1 (line 1 column 2)
    at JSON.parse (<anonymous>)
    at parse (C:\Users\yajik\projects\todo-app\node_modules\body-parser\lib\types\json.js:92:19)
    at C:\Users\yajik\projects\todo-app\node_modules\body-parser\lib\read.js:128:18
    at AsyncResource.runInAsyncScope (node:async_hooks:227:14)
    at invokeCallback (C:\Users\yajik\projects\todo-app\node_modules\raw-body\index.js:238:16)
    at done (C:\Users\yajik\projects\todo-app\node_modules\raw-body\index.js:227:7)
    at IncomingMessage.onEnd (C:\Users\yajik\projects\todo-app\node_modules\raw-body\index.js:287:7)
    at IncomingMessage.emit (node:events:509:28)
    at IncomingMessage.emit (node:domain:489:12)
    at endReadableNT (node:internal/streams/readable:1735:12)
